---
source: api/src/db/destinations.rs
expression: config
---
{
  "big_query": {
    "project_id": "project-id",
    "dataset_id": "dataset-id",
    "service_account_key": "service-account-key",
    "max_staleness_mins": 42
  }
}
