---
source: api/src/db/sources.rs
expression: deserialized_config
---
SourceConfig {
    host: "localhost",
    port: 5432,
    name: "postgres",
    username: "postgres",
    password: Some(
        "supersecret",
    ),
}
