---
source: api/tests/integration/destination_test.rs
expression: destination.config
---
BigQuery {
    project_id: "project-id",
    dataset_id: "dataset-id",
    service_account_key: "REDACTED",
    max_staleness_mins: None,
}
