---
source: api/tests/integration/sources_test.rs
expression: response.config
---
SourceConfig {
    host: "example.com",
    port: 2345,
    name: "sergtsop",
    username: "sergtsop",
    password: Some(
        "sergtsop",
    ),
}
